<html>
<body>
<pre>
<h1>µVision Build Log</h1>
<h2>Project:</h2>
D:\STM32CubeMX_code\RTthread\MDK-ARM\RTthread.uvprojx
Project File Date:  12/05/2021

<h2>Output:</h2>
Build target 'RTthread'
compiling main.c...
linking...
Program Size: Code=7644 RO-data=292 RW-data=20 ZI-data=1116  
FromELF: creating hex file...
"RTthread\RTthread.axf" - 0 Error(s), 0 Warning(s).

<h2>Software Packages used:</h2>

Package Vendor: ARM
                http://www.keil.com/pack/ARM.CMSIS.3.20.4.pack
                ARM::CMSIS:CORE:3.20.0
                Cortex Microcontroller Software Interface Standard (CMSIS) CORE, DSP, RTOS, Driver
   * Component: CORE Version: 3.20.0

<h2>Collection of Component include folders:</h2>
  D:\STM32CubeMX_code\RTthread\MDK-ARM\RTE
  D:\MDK5\ARM\PACK\ARM\CMSIS\3.20.4\CMSIS\Include
  D:\MDK5\ARM\PACK\Keil\STM32F1xx_DFP\1.0.4\Device\Include

<h2>Collection of Component Files used:</h2>

   * Component: ARM::CMSIS:CORE:3.20.0
</pre>
</body>
</html>
flash_ex.c...
compiling stm32f1xx_hal_exti.c...
compiling stm32f1xx_hal_tim.c...
compiling stm32f1xx_hal_tim_ex.c...
compiling stm32f1xx_hal_uart.c...
compiling system_stm32f1xx.c...
linking...
Program Size: Code=7352 RO-data=292 RW-data=20 ZI-data=1116  
FromELF: creating hex file...
"RTthread\RTthread.axf" - 0 Error(s), 1 Warning(s).

<h2>Software Packages used:</h2>

Package Vendor: ARM
                http://www.keil.com/pack/ARM.CMSIS.3.20.4.pack
                ARM::CMSIS:CORE:3.20.0
                Cortex Microcontroller Software Interface Standard (CMSIS) CORE, DSP, RTOS, Driver
   * Component: CORE Version: 3.20.0

<h2>Collection of Component include folders:</h2>
  D:\STM32CubeMX_code\RTthread\MDK-ARM\RTE
  D:\MDK5\ARM\PACK\ARM\CMSIS\3.20.4\CMSIS\Include
  D:\MDK5\ARM\PACK\Keil\STM32F1xx_DFP\1.0.4\Device\Include

<h2>Collection of Component Files used:</h2>

   * Component: ARM::CMSIS:CORE:3.20.0

